▲ Next.js 16.2.6 (Turbopack)
- Environments: .env.local

  Creating an optimized production build ...
✓ Compiled successfully in 8.0s
  Running TypeScript ...
  Finished TypeScript in 14.0s ...
  Collecting page data using 7 workers ...
  Generating static pages using 7 workers (0/22) ...
  Generating static pages using 7 workers (5/22) 
  Generating static pages using 7 workers (10/22) 
  Generating static pages using 7 workers (16/22) 
✓ Generating static pages using 7 workers (22/22) in 1181ms
  Finalizing page optimization ...

Route (app)
┌ ○ /
├ ○ /_not-found
├ ○ /auth/login
├ ○ /auth/register
├ ○ /create
├ ○ /explore
├ ○ /feed
├ ○ /messages
├ ○ /notifications
├ ƒ /profile/[username]
├ ○ /reels
├ ○ /saved
├ ○ /settings
├ ○ /settings/about
├ ○ /settings/account
├ ○ /settings/appearance
├ ○ /settings/content
├ ○ /settings/help
├ ○ /settings/notifications
├ ○ /settings/privacy
├ ○ /settings/security
└ ○ /stories/create


ƒ Proxy (Middleware)

○  (Static)   prerendered as static content
ƒ  (Dynamic)  server-rendered on demand

